<?xml version="1.0"?>
<testsuites>
  <testsuite name="Chrome 33.0.1750 (Windows)" package="" timestamp="2014-02-23T15:38:10" id="0" hostname="Olivier-PC" tests="8" errors="0" failures="0" time="3.424">
    <properties>
      <property name="browser.fullName" value="Mozilla/5.0 (Windows NT 6.3; WOW64) AppleWebKit/537.36 (KHTML, like Gecko) Chrome/33.0.1750.117 Safari/537.36"/>
    </properties>
    <testcase name="should list 2 items" time="0.508" classname="Chrome 33.0.1750 (Windows).my app todo"/>
    <testcase name="should display checked items with a line-through" time="0.455" classname="Chrome 33.0.1750 (Windows).my app todo"/>
    <testcase name="should sync done status with checkbox state" time="0.411" classname="Chrome 33.0.1750 (Windows).my app todo"/>
    <testcase name="should remove checked items when the archive link is clicked" time="0.388" classname="Chrome 33.0.1750 (Windows).my app todo"/>
    <testcase name="should add a newly submitted item to the end of the list and empty the text input" time="0.418" classname="Chrome 33.0.1750 (Windows).my app todo"/>
    <testcase name="should render view when user navigates to /view" time="0.402" classname="Chrome 33.0.1750 (Windows).my app view"/>
    <testcase name="should automatically redirect to /todo when location hash/fragment is empty" time="0.409" classname="Chrome 33.0.1750 (Windows).my app"/>
    <testcase name="should navigate to /view when the View link in nav is clicked" time="0.433" classname="Chrome 33.0.1750 (Windows).my app"/>
    <system-out><![CDATA[Chrome 33.0.1750 (Windows) SLOW 0.508 secs: my app todo should list 2 items

]]></system-out>
    <system-err/>
  </testsuite>
</testsuites>
